// Jest Snapshot v1, https://goo.gl/fbAQLP

exports[`should render EditExpensePage correctly 1`] = `
<div
  className="content-container"
>
  <div
    className="page-header bold"
  >
    Edit Expense
  </div>
  <ExpenseForm
    expense={
      Object {
        "amount": 23000,
        "createdAt": 0,
        "description": "Water bill",
        "id": "1",
        "note": "nothing to say",
      }
    }
    onSubmit={[Function]}
  />
  <button
    className="button remove-button"
    onClick={[Function]}
  >
    Remove Expense
  </button>
</div>
`;
