// Jest Snapshot v1, https://goo.gl/fbAQLP

exports[`should render ExpenseListItems correctly 1`] = `
<Link
  className="expenses-list__content"
  replace={false}
  to="/edit/1"
>
  <span>
    <p
      className="list-item description"
    >
      Water bill
    </p>
    <p
      className="list-item note"
    >
      nothing to say
    </p>
    <p
      className="list-item created-at"
    >
      01. Jan 1970
    </p>
  </span>
  <span>
    <p
      className="list-item amount"
    >
      € 230,00
    </p>
  </span>
</Link>
`;
