// Jest Snapshot v1, https://goo.gl/fbAQLP

exports[`should render Header correctly 1`] = `
<header
  className="content-container"
>
  <Link
    replace={false}
    to="/dashboard"
  >
    Expensify
  </Link>
  <button
    className="button"
    onClick={[Function]}
  >
    Logout
  </button>
</header>
`;
